// Jest Snapshot v1, https://goo.gl/fbAQLP

exports[`Feedbacks are rendered correctly 1`] = `
<li
  className="reviews__item"
>
  <div
    className="reviews__user user"
  >
    <div
      className="reviews__avatar-wrapper user__avatar-wrapper"
    >
      <img
        alt="Reviews avatar"
        className="reviews__avatar user__avatar"
        height="54"
        src="img/1.png"
        width="54"
      />
    </div>
    <span
      className="reviews__user-name"
    >
      Alex
    </span>
  </div>
  <div
    className="reviews__info"
  >
    <div
      className="reviews__rating rating"
    >
      <div
        className="reviews__stars rating__stars"
      >
        <span
          style={
            Object {
              "width": "100%",
            }
          }
        />
        <span
          className="visually-hidden"
        >
          Rating
        </span>
      </div>
    </div>
    <p
      className="reviews__text"
    >
      Everything. It was really really nice to get away and feel so comfortable where we was. My kids and I had a great time.
    </p>
    <time
      className="reviews__time"
      dateTime="May 8, 2019"
    >
      May 8, 2019
    </time>
  </div>
</li>
`;
